This is pdfTeX, Version 3.14159265-2.6-1.40.19 (TeX Live 2018) (preloaded format=pdflatex 2018.9.30)  9 SEP 2020 22:19
entering extended mode
 restricted \write18 enabled.
 file:line:error style messages enabled.
 %&-line parsing enabled.
**cv.tex
(./cv.tex
LaTeX2e <2018-04-01> patch level 2
Babel <3.18> and hyphenation patterns for 84 language(s) loaded.
(/usr/local/texlive/2018/texmf-dist/tex/latex/base/article.cls
Document Class: article 2014/09/29 v1.4h Standard LaTeX document class
(/usr/local/texlive/2018/texmf-dist/tex/latex/base/size12.clo
File: size12.clo 2014/09/29 v1.4h Standard LaTeX file (size option)
)
\c@part=\count80
\c@section=\count81
\c@subsection=\count82
\c@subsubsection=\count83
\c@paragraph=\count84
\c@subparagraph=\count85
\c@figure=\count86
\c@table=\count87
\abovecaptionskip=\skip41
\belowcaptionskip=\skip42
\bibindent=\dimen102
) (/usr/local/texlive/2018/texmf-dist/tex/latex/geometry/geometry.sty
Package: geometry 2018/03/24 v5.7 Page Geometry
 (/usr/local/texlive/2018/texmf-dist/tex/latex/graphics/keyval.sty
Package: keyval 2014/10/28 v1.15 key=value parser (DPC)
\KV@toks@=\toks14
) (/usr/local/texlive/2018/texmf-dist/tex/generic/oberdiek/ifpdf.sty
Package: ifpdf 2017/03/15 v3.2 Provides the ifpdf switch
) (/usr/local/texlive/2018/texmf-dist/tex/generic/oberdiek/ifvtex.sty
Package: ifvtex 2016/05/16 v1.6 Detect VTeX and its facilities (HO)
Package ifvtex Info: VTeX not detected.
) (/usr/local/texlive/2018/texmf-dist/tex/generic/ifxetex/ifxetex.sty
Package: ifxetex 2010/09/12 v0.6 Provides ifxetex conditional
)
\Gm@cnth=\count88
\Gm@cntv=\count89
\c@Gm@tempcnt=\count90
\Gm@bindingoffset=\dimen103
\Gm@wd@mp=\dimen104
\Gm@odd@mp=\dimen105
\Gm@even@mp=\dimen106
\Gm@layoutwidth=\dimen107
\Gm@layoutheight=\dimen108
\Gm@layouthoffset=\dimen109
\Gm@layoutvoffset=\dimen110
\Gm@dimlist=\toks15
) (/usr/local/texlive/2018/texmf-dist/tex/latex/tabulary/tabulary.sty
Package: tabulary 2014/06/11 v0.10 tabulary package (DPC)
 (/usr/local/texlive/2018/texmf-dist/tex/latex/tools/array.sty
Package: array 2018/04/07 v2.4g Tabular extension package (FMi)
\col@sep=\dimen111
\ar@mcellbox=\box26
\extrarowheight=\dimen112
\NC@list=\toks16
\extratabsurround=\skip43
\backup@length=\skip44
\ar@cellbox=\box27
)
\TY@count=\count91
\TY@linewidth=\dimen113
\tymin=\dimen114
\tymax=\dimen115
\TY@tablewidth=\dimen116
) (/usr/local/texlive/2018/texmf-dist/tex/latex/tools/tabularx.sty
Package: tabularx 2016/02/03 v2.11b `tabularx' package (DPC)
\TX@col@width=\dimen117
\TX@old@table=\dimen118
\TX@old@col=\dimen119
\TX@target=\dimen120
\TX@delta=\dimen121
\TX@cols=\count92
\TX@ftn=\toks17
) (/usr/local/texlive/2018/texmf-dist/tex/latex/hyperref/hyperref.sty
Package: hyperref 2018/02/06 v6.86b Hypertext links for LaTeX
 (/usr/local/texlive/2018/texmf-dist/tex/generic/oberdiek/hobsub-hyperref.sty
Package: hobsub-hyperref 2016/05/16 v1.14 Bundle oberdiek, subset hyperref (HO)
 (/usr/local/texlive/2018/texmf-dist/tex/generic/oberdiek/hobsub-generic.sty
Package: hobsub-generic 2016/05/16 v1.14 Bundle oberdiek, subset generic (HO)
Package: hobsub 2016/05/16 v1.14 Construct package bundles (HO)
Package: infwarerr 2016/05/16 v1.4 Providing info/warning/error messages (HO)
Package: ltxcmds 2016/05/16 v1.23 LaTeX kernel commands for general use (HO)
Package: ifluatex 2016/05/16 v1.4 Provides the ifluatex switch (HO)
Package ifluatex Info: LuaTeX not detected.
Package hobsub Info: Skipping package `ifvtex' (already loaded).
Package: intcalc 2016/05/16 v1.2 Expandable calculations with integers (HO)
Package hobsub Info: Skipping package `ifpdf' (already loaded).
Package: etexcmds 2016/05/16 v1.6 Avoid name clashes with e-TeX commands (HO)
Package etexcmds Info: Could not find \expanded.
(etexcmds)             That can mean that you are not using pdfTeX 1.50 or
(etexcmds)             that some package has redefined \expanded.
(etexcmds)             In the latter case, load this package earlier.
Package: kvsetkeys 2016/05/16 v1.17 Key value parser (HO)
Package: kvdefinekeys 2016/05/16 v1.4 Define keys (HO)
Package: pdftexcmds 2018/01/30 v0.27 Utility functions of pdfTeX for LuaTeX (HO)
Package pdftexcmds Info: LuaTeX not detected.
Package pdftexcmds Info: \pdf@primitive is available.
Package pdftexcmds Info: \pdf@ifprimitive is available.
Package pdftexcmds Info: \pdfdraftmode found.
Package: pdfescape 2016/05/16 v1.14 Implements pdfTeX's escape features (HO)
Package: bigintcalc 2016/05/16 v1.4 Expandable calculations on big integers (HO)
Package: bitset 2016/05/16 v1.2 Handle bit-vector datatype (HO)
Package: uniquecounter 2016/05/16 v1.3 Provide unlimited unique counter (HO)
)
Package hobsub Info: Skipping package `hobsub' (already loaded).
Package: letltxmacro 2016/05/16 v1.5 Let assignment for LaTeX macros (HO)
Package: hopatch 2016/05/16 v1.3 Wrapper for package hooks (HO)
Package: xcolor-patch 2016/05/16 xcolor patch
Package: atveryend 2016/05/16 v1.9 Hooks at the very end of document (HO)
Package atveryend Info: \enddocument detected (standard20110627).
Package: atbegshi 2016/06/09 v1.18 At begin shipout hook (HO)
Package: refcount 2016/05/16 v3.5 Data extraction from label references (HO)
Package: hycolor 2016/05/16 v1.8 Color options for hyperref/bookmark (HO)
) (/usr/local/texlive/2018/texmf-dist/tex/latex/oberdiek/auxhook.sty
Package: auxhook 2016/05/16 v1.4 Hooks for auxiliary files (HO)
) (/usr/local/texlive/2018/texmf-dist/tex/latex/oberdiek/kvoptions.sty
Package: kvoptions 2016/05/16 v3.12 Key value format for package options (HO)
)
\@linkdim=\dimen122
\Hy@linkcounter=\count93
\Hy@pagecounter=\count94
 (/usr/local/texlive/2018/texmf-dist/tex/latex/hyperref/pd1enc.def
File: pd1enc.def 2018/02/06 v6.86b Hyperref: PDFDocEncoding definition (HO)
Now handling font encoding PD1 ...
... no UTF-8 mapping file for font encoding PD1
)
\Hy@SavedSpaceFactor=\count95
 (/usr/local/texlive/2018/texmf-dist/tex/latex/latexconfig/hyperref.cfg
File: hyperref.cfg 2002/06/06 v1.2 hyperref configuration of TeXLive
)
Package hyperref Info: Hyper figures OFF on input line 4509.
Package hyperref Info: Link nesting OFF on input line 4514.
Package hyperref Info: Hyper index ON on input line 4517.
Package hyperref Info: Plain pages OFF on input line 4524.
Package hyperref Info: Backreferencing OFF on input line 4529.
Package hyperref Info: Implicit mode ON; LaTeX internals redefined.
Package hyperref Info: Bookmarks ON on input line 4762.
\c@Hy@tempcnt=\count96
 (/usr/local/texlive/2018/texmf-dist/tex/latex/url/url.sty
\Urlmuskip=\muskip10
Package: url 2013/09/16  ver 3.4  Verb mode for urls, etc.
)
LaTeX Info: Redefining \url on input line 5115.
\XeTeXLinkMargin=\dimen123
\Fld@menulength=\count97
\Field@Width=\dimen124
\Fld@charsize=\dimen125
Package hyperref Info: Hyper figures OFF on input line 6369.
Package hyperref Info: Link nesting OFF on input line 6374.
Package hyperref Info: Hyper index ON on input line 6377.
Package hyperref Info: backreferencing OFF on input line 6384.
Package hyperref Info: Link coloring OFF on input line 6389.
Package hyperref Info: Link coloring with OCG OFF on input line 6394.
Package hyperref Info: PDF/A mode OFF on input line 6399.
LaTeX Info: Redefining \ref on input line 6439.
LaTeX Info: Redefining \pageref on input line 6443.
\Hy@abspage=\count98
\c@Item=\count99
\c@Hfootnote=\count100
)
Package hyperref Info: Driver (autodetected): hpdftex.
 (/usr/local/texlive/2018/texmf-dist/tex/latex/hyperref/hpdftex.def
File: hpdftex.def 2018/02/06 v6.86b Hyperref driver for pdfTeX
\Fld@listcount=\count101
\c@bookmark@seq@number=\count102
 (/usr/local/texlive/2018/texmf-dist/tex/latex/oberdiek/rerunfilecheck.sty
Package: rerunfilecheck 2016/05/16 v1.8 Rerun checks for auxiliary files (HO)
Package uniquecounter Info: New unique counter `rerunfilecheck' on input line 282.
)
\Hy@SectionHShift=\skip45
)
Package hyperref Info: Option `colorlinks' set `true' on input line 18.
 (/usr/local/texlive/2018/texmf-dist/tex/latex/multirow/multirow.sty
Package: multirow 2016/11/25 v2.2 Span multiple rows of a table
\multirow@colwidth=\skip46
\multirow@cntb=\count103
\multirow@dima=\skip47
\bigstrutjot=\dimen126
) (/usr/local/texlive/2018/texmf-dist/tex/latex/booktabs/booktabs.sty
Package: booktabs 2016/04/27 v1.618033 publication quality tables
\heavyrulewidth=\dimen127
\lightrulewidth=\dimen128
\cmidrulewidth=\dimen129
\belowrulesep=\dimen130
\belowbottomsep=\dimen131
\aboverulesep=\dimen132
\abovetopsep=\dimen133
\cmidrulesep=\dimen134
\cmidrulekern=\dimen135
\defaultaddspace=\dimen136
\@cmidla=\count104
\@cmidlb=\count105
\@aboverulesep=\dimen137
\@belowrulesep=\dimen138
\@thisruleclass=\count106
\@lastruleclass=\count107
\@thisrulewidth=\dimen139
) (./cv.aux)
\openout1 = `cv.aux'.

LaTeX Font Info:    Checking defaults for OML/cmm/m/it on input line 32.
LaTeX Font Info:    ... okay on input line 32.
LaTeX Font Info:    Checking defaults for T1/cmr/m/n on input line 32.
LaTeX Font Info:    ... okay on input line 32.
LaTeX Font Info:    Checking defaults for OT1/cmr/m/n on input line 32.
LaTeX Font Info:    ... okay on input line 32.
LaTeX Font Info:    Checking defaults for OMS/cmsy/m/n on input line 32.
LaTeX Font Info:    ... okay on input line 32.
LaTeX Font Info:    Checking defaults for OMX/cmex/m/n on input line 32.
LaTeX Font Info:    ... okay on input line 32.
LaTeX Font Info:    Checking defaults for U/cmr/m/n on input line 32.
LaTeX Font Info:    ... okay on input line 32.
LaTeX Font Info:    Checking defaults for PD1/pdf/m/n on input line 32.
LaTeX Font Info:    ... okay on input line 32.

*geometry* driver: auto-detecting
*geometry* detected driver: pdftex
*geometry* verbose mode - [ preamble ] result:
* driver: pdftex
* paper: a4paper
* layout: <same size as paper>
* layoutoffset:(h,v)=(0.0pt,0.0pt)
* modes: 
* h-part:(L,W,R)=(56.9055pt, 483.69687pt, 56.9055pt)
* v-part:(T,H,B)=(56.9055pt, 731.23584pt, 56.9055pt)
* \paperwidth=597.50787pt
* \paperheight=845.04684pt
* \textwidth=483.69687pt
* \textheight=731.23584pt
* \oddsidemargin=-15.36449pt
* \evensidemargin=-15.36449pt
* \topmargin=-52.36449pt
* \headheight=12.0pt
* \headsep=25.0pt
* \topskip=12.0pt
* \footskip=30.0pt
* \marginparwidth=44.0pt
* \marginparsep=10.0pt
* \columnsep=10.0pt
* \skip\footins=10.8pt plus 4.0pt minus 2.0pt
* \hoffset=0.0pt
* \voffset=0.0pt
* \mag=1000
* \@twocolumnfalse
* \@twosidefalse
* \@mparswitchfalse
* \@reversemarginfalse
* (1in=72.27pt=25.4mm, 1cm=28.453pt)

\AtBeginShipoutBox=\box28
(/usr/local/texlive/2018/texmf-dist/tex/latex/graphics/color.sty
Package: color 2016/07/10 v1.1e Standard LaTeX Color (DPC)
 (/usr/local/texlive/2018/texmf-dist/tex/latex/graphics-cfg/color.cfg
File: color.cfg 2016/01/02 v1.6 sample color configuration
)
Package color Info: Driver file: pdftex.def on input line 147.
 (/usr/local/texlive/2018/texmf-dist/tex/latex/graphics-def/pdftex.def
File: pdftex.def 2018/01/08 v1.0l Graphics/color driver for pdftex
 (/usr/local/texlive/2018/texmf-dist/tex/context/base/mkii/supp-pdf.mkii
[Loading MPS to PDF converter (version 2006.09.02).]
\scratchcounter=\count108
\scratchdimen=\dimen140
\scratchbox=\box29
\nofMPsegments=\count109
\nofMParguments=\count110
\everyMPshowfont=\toks18
\MPscratchCnt=\count111
\MPscratchDim=\dimen141
\MPnumerator=\count112
\makeMPintoPDFobject=\count113
\everyMPtoPDFconversion=\toks19
)))
Package hyperref Info: Link coloring ON on input line 32.
 (/usr/local/texlive/2018/texmf-dist/tex/latex/hyperref/nameref.sty
Package: nameref 2016/05/21 v2.44 Cross-referencing by name of section
 (/usr/local/texlive/2018/texmf-dist/tex/generic/oberdiek/gettitlestring.sty
Package: gettitlestring 2016/05/16 v1.5 Cleanup title references (HO)
)
\c@section@level=\count114
)
LaTeX Info: Redefining \ref on input line 32.
LaTeX Info: Redefining \pageref on input line 32.
LaTeX Info: Redefining \nameref on input line 32.
 (./cv.out) (./cv.out)
\@outlinefile=\write3
\openout3 = `cv.out'.


./cv.tex:44: Misplaced \noalign.
l.44 \noalign
             {\vskip 2mm}
I expect to see \noalign only after the \cr of
an alignment. Proceed, and I'll ignore this case.

./cv.tex:49: Misplaced \noalign.
l.49 \noalign
             {\vskip 1mm}
I expect to see \noalign only after the \cr of
an alignment. Proceed, and I'll ignore this case.

./cv.tex:50: Misplaced \noalign.
\midrule ->\noalign 
                    {\ifnum 0=`}\fi \@aboverulesep =\aboverulesep \global \@...
l.50 \midrule
             [0.1pt]
I expect to see \noalign only after the \cr of
an alignment. Proceed, and I'll ignore this case.

./cv.tex:74: Extra alignment tab has been changed to \cr.
<template> ...egin \relax \d@llarend \endtemplate 
                                                  
l.74 \end{tabularx}
                   
You have given more \span or & marks than there were
in the preamble to the \halign or \valign now in progress.
So I'll assume that you meant to type \cr instead.

./cv.tex:74: Extra alignment tab has been changed to \cr.
<template> \endtemplate 
                        
l.74 \end{tabularx}
                   
You have given more \span or & marks than there were
in the preamble to the \halign or \valign now in progress.
So I'll assume that you meant to type \cr instead.

./cv.tex:74: Extra alignment tab has been changed to \cr.
<template> \endtemplate 
                        
l.74 \end{tabularx}
                   
You have given more \span or & marks than there were
in the preamble to the \halign or \valign now in progress.
So I'll assume that you meant to type \cr instead.

./cv.tex:74: Extra alignment tab has been changed to \cr.
<template> \endtemplate 
                        
l.74 \end{tabularx}
                   
You have given more \span or & marks than there were
in the preamble to the \halign or \valign now in progress.
So I'll assume that you meant to type \cr instead.

./cv.tex:74: Extra alignment tab has been changed to \cr.
<template> ...egin \relax \d@llarend \endtemplate 
                                                  
l.74 \end{tabularx}
                   
You have given more \span or & marks than there were
in the preamble to the \halign or \valign now in progress.
So I'll assume that you meant to type \cr instead.

./cv.tex:74: Extra alignment tab has been changed to \cr.
<template> \endtemplate 
                        
l.74 \end{tabularx}
                   
You have given more \span or & marks than there were
in the preamble to the \halign or \valign now in progress.
So I'll assume that you meant to type \cr instead.

./cv.tex:74: Extra alignment tab has been changed to \cr.
<template> ...egin \relax \d@llarend \endtemplate 
                                                  
l.74 \end{tabularx}
                   
You have given more \span or & marks than there were
in the preamble to the \halign or \valign now in progress.
So I'll assume that you meant to type \cr instead.

./cv.tex:74: Extra alignment tab has been changed to \cr.
<template> \endtemplate 
                        
l.74 \end{tabularx}
                   
You have given more \span or & marks than there were
in the preamble to the \halign or \valign now in progress.
So I'll assume that you meant to type \cr instead.

./cv.tex:74: Extra alignment tab has been changed to \cr.
<template> \endtemplate 
                        
l.74 \end{tabularx}
                   
You have given more \span or & marks than there were
in the preamble to the \halign or \valign now in progress.
So I'll assume that you meant to type \cr instead.

./cv.tex:74: Extra alignment tab has been changed to \cr.
<template> \endtemplate 
                        
l.74 \end{tabularx}
                   
You have given more \span or & marks than there were
in the preamble to the \halign or \valign now in progress.
So I'll assume that you meant to type \cr instead.

./cv.tex:74: Extra alignment tab has been changed to \cr.
<template> ...egin \relax \d@llarend \endtemplate 
                                                  
l.74 \end{tabularx}
                   
You have given more \span or & marks than there were
in the preamble to the \halign or \valign now in progress.
So I'll assume that you meant to type \cr instead.

./cv.tex:74: Extra alignment tab has been changed to \cr.
<template> \endtemplate 
                        
l.74 \end{tabularx}
                   
You have given more \span or & marks than there were
in the preamble to the \halign or \valign now in progress.
So I'll assume that you meant to type \cr instead.

./cv.tex:74: Extra alignment tab has been changed to \cr.
<template> ...egin \relax \d@llarend \endtemplate 
                                                  
l.74 \end{tabularx}
                   
You have given more \span or & marks than there were
in the preamble to the \halign or \valign now in progress.
So I'll assume that you meant to type \cr instead.

./cv.tex:74: Extra alignment tab has been changed to \cr.
<template> \endtemplate 
                        
l.74 \end{tabularx}
                   
You have given more \span or & marks than there were
in the preamble to the \halign or \valign now in progress.
So I'll assume that you meant to type \cr instead.

./cv.tex:74: Extra alignment tab has been changed to \cr.
<template> \endtemplate 
                        
l.74 \end{tabularx}
                   
You have given more \span or & marks than there were
in the preamble to the \halign or \valign now in progress.
So I'll assume that you meant to type \cr instead.

./cv.tex:74: Extra alignment tab has been changed to \cr.
<template> \endtemplate 
                        
l.74 \end{tabularx}
                   
You have given more \span or & marks than there were
in the preamble to the \halign or \valign now in progress.
So I'll assume that you meant to type \cr instead.

./cv.tex:74: Extra alignment tab has been changed to \cr.
<template> ...egin \relax \d@llarend \endtemplate 
                                                  
l.74 \end{tabularx}
                   
You have given more \span or & marks than there were
in the preamble to the \halign or \valign now in progress.
So I'll assume that you meant to type \cr instead.

./cv.tex:74: Extra alignment tab has been changed to \cr.
<template> \endtemplate 
                        
l.74 \end{tabularx}
                   
You have given more \span or & marks than there were
in the preamble to the \halign or \valign now in progress.
So I'll assume that you meant to type \cr instead.

./cv.tex:74: Extra alignment tab has been changed to \cr.
<template> ...egin \relax \d@llarend \endtemplate 
                                                  
l.74 \end{tabularx}
                   
You have given more \span or & marks than there were
in the preamble to the \halign or \valign now in progress.
So I'll assume that you meant to type \cr instead.

./cv.tex:74: Extra alignment tab has been changed to \cr.
<template> \endtemplate 
                        
l.74 \end{tabularx}
                   
You have given more \span or & marks than there were
in the preamble to the \halign or \valign now in progress.
So I'll assume that you meant to type \cr instead.

./cv.tex:74: Extra alignment tab has been changed to \cr.
<template> \endtemplate 
                        
l.74 \end{tabularx}
                   
You have given more \span or & marks than there were
in the preamble to the \halign or \valign now in progress.
So I'll assume that you meant to type \cr instead.

./cv.tex:74: Extra alignment tab has been changed to \cr.
<template> \endtemplate 
                        
l.74 \end{tabularx}
                   
You have given more \span or & marks than there were
in the preamble to the \halign or \valign now in progress.
So I'll assume that you meant to type \cr instead.

./cv.tex:74: Extra alignment tab has been changed to \cr.
<template> ...egin \relax \d@llarend \endtemplate 
                                                  
l.74 \end{tabularx}
                   
You have given more \span or & marks than there were
in the preamble to the \halign or \valign now in progress.
So I'll assume that you meant to type \cr instead.

./cv.tex:74: Extra alignment tab has been changed to \cr.
<template> \endtemplate 
                        
l.74 \end{tabularx}
                   
You have given more \span or & marks than there were
in the preamble to the \halign or \valign now in progress.
So I'll assume that you meant to type \cr instead.


Overfull \hbox (6.0pt too wide) in alignment at lines 74--74
[][] 
 []

./cv.tex:75: Misplaced \noalign.
l.75 \noalign
             {\vskip 5mm}
I expect to see \noalign only after the \cr of
an alignment. Proceed, and I'll ignore this case.

./cv.tex:80: Misplaced \noalign.
l.80 \noalign
             {\vskip 1mm}
I expect to see \noalign only after the \cr of
an alignment. Proceed, and I'll ignore this case.

./cv.tex:81: Misplaced \noalign.
\midrule ->\noalign 
                    {\ifnum 0=`}\fi \@aboverulesep =\aboverulesep \global \@...
l.81 \midrule
             [0.1pt]
I expect to see \noalign only after the \cr of
an alignment. Proceed, and I'll ignore this case.

./cv.tex:101: Extra alignment tab has been changed to \cr.
<template> ...egin \relax \d@llarend \endtemplate 
                                                  
l.101 \end{tabularx}
                    
You have given more \span or & marks than there were
in the preamble to the \halign or \valign now in progress.
So I'll assume that you meant to type \cr instead.

./cv.tex:101: Extra alignment tab has been changed to \cr.
<template> \endtemplate 
                        
l.101 \end{tabularx}
                    
You have given more \span or & marks than there were
in the preamble to the \halign or \valign now in progress.
So I'll assume that you meant to type \cr instead.

./cv.tex:101: Extra alignment tab has been changed to \cr.
<template> ...egin \relax \d@llarend \endtemplate 
                                                  
l.101 \end{tabularx}
                    
You have given more \span or & marks than there were
in the preamble to the \halign or \valign now in progress.
So I'll assume that you meant to type \cr instead.

./cv.tex:101: Extra alignment tab has been changed to \cr.
<template> \endtemplate 
                        
l.101 \end{tabularx}
                    
You have given more \span or & marks than there were
in the preamble to the \halign or \valign now in progress.
So I'll assume that you meant to type \cr instead.

./cv.tex:101: Extra alignment tab has been changed to \cr.
<template> ...egin \relax \d@llarend \endtemplate 
                                                  
l.101 \end{tabularx}
                    
You have given more \span or & marks than there were
in the preamble to the \halign or \valign now in progress.
So I'll assume that you meant to type \cr instead.

./cv.tex:101: Extra alignment tab has been changed to \cr.
<template> \endtemplate 
                        
l.101 \end{tabularx}
                    
You have given more \span or & marks than there were
in the preamble to the \halign or \valign now in progress.
So I'll assume that you meant to type \cr instead.

./cv.tex:101: Extra alignment tab has been changed to \cr.
<template> ...egin \relax \d@llarend \endtemplate 
                                                  
l.101 \end{tabularx}
                    
You have given more \span or & marks than there were
in the preamble to the \halign or \valign now in progress.
So I'll assume that you meant to type \cr instead.

./cv.tex:101: Extra alignment tab has been changed to \cr.
<template> \endtemplate 
                        
l.101 \end{tabularx}
                    
You have given more \span or & marks than there were
in the preamble to the \halign or \valign now in progress.
So I'll assume that you meant to type \cr instead.

./cv.tex:101: Extra alignment tab has been changed to \cr.
<template> ...egin \relax \d@llarend \endtemplate 
                                                  
l.101 \end{tabularx}
                    
You have given more \span or & marks than there were
in the preamble to the \halign or \valign now in progress.
So I'll assume that you meant to type \cr instead.

./cv.tex:101: Extra alignment tab has been changed to \cr.
<template> \endtemplate 
                        
l.101 \end{tabularx}
                    
You have given more \span or & marks than there were
in the preamble to the \halign or \valign now in progress.
So I'll assume that you meant to type \cr instead.

./cv.tex:101: Extra alignment tab has been changed to \cr.
<template> ...egin \relax \d@llarend \endtemplate 
                                                  
l.101 \end{tabularx}
                    
You have given more \span or & marks than there were
in the preamble to the \halign or \valign now in progress.
So I'll assume that you meant to type \cr instead.

./cv.tex:101: Extra alignment tab has been changed to \cr.
<template> \endtemplate 
                        
l.101 \end{tabularx}
                    
You have given more \span or & marks than there were
in the preamble to the \halign or \valign now in progress.
So I'll assume that you meant to type \cr instead.

./cv.tex:101: Extra alignment tab has been changed to \cr.
<template> ...egin \relax \d@llarend \endtemplate 
                                                  
l.101 \end{tabularx}
                    
You have given more \span or & marks than there were
in the preamble to the \halign or \valign now in progress.
So I'll assume that you meant to type \cr instead.

./cv.tex:101: Extra alignment tab has been changed to \cr.
<template> \endtemplate 
                        
l.101 \end{tabularx}
                    
You have given more \span or & marks than there were
in the preamble to the \halign or \valign now in progress.
So I'll assume that you meant to type \cr instead.

./cv.tex:101: Extra alignment tab has been changed to \cr.
<template> ...egin \relax \d@llarend \endtemplate 
                                                  
l.101 \end{tabularx}
                    
You have given more \span or & marks than there were
in the preamble to the \halign or \valign now in progress.
So I'll assume that you meant to type \cr instead.

./cv.tex:101: Extra alignment tab has been changed to \cr.
<template> \endtemplate 
                        
l.101 \end{tabularx}
                    
You have given more \span or & marks than there were
in the preamble to the \halign or \valign now in progress.
So I'll assume that you meant to type \cr instead.


Overfull \hbox (6.0pt too wide) in alignment at lines 101--101
[][] 
 []

./cv.tex:102: Misplaced \noalign.
l.102 \noalign
              {\vskip 5mm}
I expect to see \noalign only after the \cr of
an alignment. Proceed, and I'll ignore this case.

./cv.tex:107: Misplaced \noalign.
l.107 \noalign
              {\vskip 1mm}
I expect to see \noalign only after the \cr of
an alignment. Proceed, and I'll ignore this case.

./cv.tex:108: Misplaced \noalign.
\midrule ->\noalign 
                    {\ifnum 0=`}\fi \@aboverulesep =\aboverulesep \global \@...
l.108 \midrule
              [0.1pt]
I expect to see \noalign only after the \cr of
an alignment. Proceed, and I'll ignore this case.

./cv.tex:127: Extra alignment tab has been changed to \cr.
<template> ...egin \relax \d@llarend \endtemplate 
                                                  
l.127 \end{tabularx}
                    
You have given more \span or & marks than there were
in the preamble to the \halign or \valign now in progress.
So I'll assume that you meant to type \cr instead.

./cv.tex:127: Extra alignment tab has been changed to \cr.
<template> \endtemplate 
                        
l.127 \end{tabularx}
                    
You have given more \span or & marks than there were
in the preamble to the \halign or \valign now in progress.
So I'll assume that you meant to type \cr instead.

./cv.tex:127: Extra alignment tab has been changed to \cr.
<template> ...egin \relax \d@llarend \endtemplate 
                                                  
l.127 \end{tabularx}
                    
You have given more \span or & marks than there were
in the preamble to the \halign or \valign now in progress.
So I'll assume that you meant to type \cr instead.

./cv.tex:127: Extra alignment tab has been changed to \cr.
<template> \endtemplate 
                        
l.127 \end{tabularx}
                    
You have given more \span or & marks than there were
in the preamble to the \halign or \valign now in progress.
So I'll assume that you meant to type \cr instead.

./cv.tex:127: Extra alignment tab has been changed to \cr.
<template> ...egin \relax \d@llarend \endtemplate 
                                                  
l.127 \end{tabularx}
                    
You have given more \span or & marks than there were
in the preamble to the \halign or \valign now in progress.
So I'll assume that you meant to type \cr instead.

./cv.tex:127: Extra alignment tab has been changed to \cr.
<template> \endtemplate 
                        
l.127 \end{tabularx}
                    
You have given more \span or & marks than there were
in the preamble to the \halign or \valign now in progress.
So I'll assume that you meant to type \cr instead.

./cv.tex:127: Extra alignment tab has been changed to \cr.
<template> ...egin \relax \d@llarend \endtemplate 
                                                  
l.127 \end{tabularx}
                    
You have given more \span or & marks than there were
in the preamble to the \halign or \valign now in progress.
So I'll assume that you meant to type \cr instead.

./cv.tex:127: Extra alignment tab has been changed to \cr.
<template> \endtemplate 
                        
l.127 \end{tabularx}
                    
You have given more \span or & marks than there were
in the preamble to the \halign or \valign now in progress.
So I'll assume that you meant to type \cr instead.

./cv.tex:127: Extra alignment tab has been changed to \cr.
<template> ...egin \relax \d@llarend \endtemplate 
                                                  
l.127 \end{tabularx}
                    
You have given more \span or & marks than there were
in the preamble to the \halign or \valign now in progress.
So I'll assume that you meant to type \cr instead.

./cv.tex:127: Extra alignment tab has been changed to \cr.
<template> \endtemplate 
                        
l.127 \end{tabularx}
                    
You have given more \span or & marks than there were
in the preamble to the \halign or \valign now in progress.
So I'll assume that you meant to type \cr instead.

./cv.tex:127: Extra alignment tab has been changed to \cr.
<template> ...egin \relax \d@llarend \endtemplate 
                                                  
l.127 \end{tabularx}
                    
You have given more \span or & marks than there were
in the preamble to the \halign or \valign now in progress.
So I'll assume that you meant to type \cr instead.

./cv.tex:127: Extra alignment tab has been changed to \cr.
<template> \endtemplate 
                        
l.127 \end{tabularx}
                    
You have given more \span or & marks than there were
in the preamble to the \halign or \valign now in progress.
So I'll assume that you meant to type \cr instead.

./cv.tex:127: Extra alignment tab has been changed to \cr.
<template> ...egin \relax \d@llarend \endtemplate 
                                                  
l.127 \end{tabularx}
                    
You have given more \span or & marks than there were
in the preamble to the \halign or \valign now in progress.
So I'll assume that you meant to type \cr instead.

./cv.tex:127: Extra alignment tab has been changed to \cr.
<template> \endtemplate 
                        
l.127 \end{tabularx}
                    
You have given more \span or & marks than there were
in the preamble to the \halign or \valign now in progress.
So I'll assume that you meant to type \cr instead.

./cv.tex:127: Extra alignment tab has been changed to \cr.
<template> ...egin \relax \d@llarend \endtemplate 
                                                  
l.127 \end{tabularx}
                    
You have given more \span or & marks than there were
in the preamble to the \halign or \valign now in progress.
So I'll assume that you meant to type \cr instead.

./cv.tex:127: Extra alignment tab has been changed to \cr.
<template> \endtemplate 
                        
l.127 \end{tabularx}
                    
You have given more \span or & marks than there were
in the preamble to the \halign or \valign now in progress.
So I'll assume that you meant to type \cr instead.

./cv.tex:127: Extra alignment tab has been changed to \cr.
<template> ...egin \relax \d@llarend \endtemplate 
                                                  
l.127 \end{tabularx}
                    
You have given more \span or & marks than there were
in the preamble to the \halign or \valign now in progress.
So I'll assume that you meant to type \cr instead.

./cv.tex:127: Extra alignment tab has been changed to \cr.
<template> \endtemplate 
                        
l.127 \end{tabularx}
                    
You have given more \span or & marks than there were
in the preamble to the \halign or \valign now in progress.
So I'll assume that you meant to type \cr instead.

./cv.tex:127: Extra alignment tab has been changed to \cr.
<template> ...egin \relax \d@llarend \endtemplate 
                                                  
l.127 \end{tabularx}
                    
You have given more \span or & marks than there were
in the preamble to the \halign or \valign now in progress.
So I'll assume that you meant to type \cr instead.

./cv.tex:127: Extra alignment tab has been changed to \cr.
<template> \endtemplate 
                        
l.127 \end{tabularx}
                    
You have given more \span or & marks than there were
in the preamble to the \halign or \valign now in progress.
So I'll assume that you meant to type \cr instead.

./cv.tex:127: Extra alignment tab has been changed to \cr.
<template> ...egin \relax \d@llarend \endtemplate 
                                                  
l.127 \end{tabularx}
                    
You have given more \span or & marks than there were
in the preamble to the \halign or \valign now in progress.
So I'll assume that you meant to type \cr instead.

./cv.tex:127: Extra alignment tab has been changed to \cr.
<template> \endtemplate 
                        
l.127 \end{tabularx}
                    
You have given more \span or & marks than there were
in the preamble to the \halign or \valign now in progress.
So I'll assume that you meant to type \cr instead.

./cv.tex:127: Extra alignment tab has been changed to \cr.
<template> ...egin \relax \d@llarend \endtemplate 
                                                  
l.127 \end{tabularx}
                    
You have given more \span or & marks than there were
in the preamble to the \halign or \valign now in progress.
So I'll assume that you meant to type \cr instead.

./cv.tex:127: Extra alignment tab has been changed to \cr.
<template> \endtemplate 
                        
l.127 \end{tabularx}
                    
You have given more \span or & marks than there were
in the preamble to the \halign or \valign now in progress.
So I'll assume that you meant to type \cr instead.


Overfull \hbox (6.0pt too wide) in alignment at lines 127--127
[][] 
 []

./cv.tex:128: Misplaced \noalign.
l.128 \noalign
              {\vskip 5mm}
I expect to see \noalign only after the \cr of
an alignment. Proceed, and I'll ignore this case.

./cv.tex:132: Misplaced \noalign.
l.132 \noalign
              {\vskip 1mm}
I expect to see \noalign only after the \cr of
an alignment. Proceed, and I'll ignore this case.

./cv.tex:133: Misplaced \noalign.
\midrule ->\noalign 
                    {\ifnum 0=`}\fi \@aboverulesep =\aboverulesep \global \@...
l.133 \midrule
              [0.1pt]
I expect to see \noalign only after the \cr of
an alignment. Proceed, and I'll ignore this case.

./cv.tex:146: Extra alignment tab has been changed to \cr.
<template> \endtemplate 
                        
l.146 \end{tabularx}
                    
You have given more \span or & marks than there were
in the preamble to the \halign or \valign now in progress.
So I'll assume that you meant to type \cr instead.

./cv.tex:146: Extra alignment tab has been changed to \cr.
<template> \endtemplate 
                        
l.146 \end{tabularx}
                    
You have given more \span or & marks than there were
in the preamble to the \halign or \valign now in progress.
So I'll assume that you meant to type \cr instead.

./cv.tex:146: Extra alignment tab has been changed to \cr.
<template> \endtemplate 
                        
l.146 \end{tabularx}
                    
You have given more \span or & marks than there were
in the preamble to the \halign or \valign now in progress.
So I'll assume that you meant to type \cr instead.

./cv.tex:146: Extra alignment tab has been changed to \cr.
<template> \endtemplate 
                        
l.146 \end{tabularx}
                    
You have given more \span or & marks than there were
in the preamble to the \halign or \valign now in progress.
So I'll assume that you meant to type \cr instead.

./cv.tex:146: Extra alignment tab has been changed to \cr.
<template> \endtemplate 
                        
l.146 \end{tabularx}
                    
You have given more \span or & marks than there were
in the preamble to the \halign or \valign now in progress.
So I'll assume that you meant to type \cr instead.

./cv.tex:146: Extra alignment tab has been changed to \cr.
<template> \endtemplate 
                        
l.146 \end{tabularx}
                    
You have given more \span or & marks than there were
in the preamble to the \halign or \valign now in progress.
So I'll assume that you meant to type \cr instead.

./cv.tex:146: Extra alignment tab has been changed to \cr.
<template> \endtemplate 
                        
l.146 \end{tabularx}
                    
You have given more \span or & marks than there were
in the preamble to the \halign or \valign now in progress.
So I'll assume that you meant to type \cr instead.

./cv.tex:146: Extra alignment tab has been changed to \cr.
<template> \endtemplate 
                        
l.146 \end{tabularx}
                    
You have given more \span or & marks than there were
in the preamble to the \halign or \valign now in progress.
So I'll assume that you meant to type \cr instead.


Overfull \hbox (6.0pt too wide) in alignment at lines 146--146
[][] 
 []

Package atveryend Info: Empty hook `BeforeClearDocument' on input line 150.
[1

{/usr/local/texlive/2018/texmf-var/fonts/map/pdftex/updmap/pdftex.map}]
Package atveryend Info: Empty hook `AfterLastShipout' on input line 150.
 (./cv.aux)
Package atveryend Info: Executing hook `AtVeryEndDocument' on input line 150.
Package atveryend Info: Executing hook `AtEndAfterFileList' on input line 150.
Package rerunfilecheck Info: File `cv.out' has not changed.
(rerunfilecheck)             Checksum: D41D8CD98F00B204E9800998ECF8427E;0.
Package atveryend Info: Empty hook `AtVeryVeryEnd' on input line 150.
 ) 
Here is how much of TeX's memory you used:
 5421 strings out of 492649
 80272 string characters out of 6129622
 181247 words of memory out of 5000000
 9284 multiletter control sequences out of 15000+600000
 7628 words of font info for 27 fonts, out of 8000000 for 9000
 1141 hyphenation exceptions out of 8191
 28i,18n,24p,634b,318s stack positions out of 5000i,500n,10000p,200000b,80000s
</usr/local/texlive/2018/texmf-dist/fonts/type1/public/amsfonts/cm/cmbx12.pfb></usr/local/texlive/2018/texmf-dist/fonts/type1/public/amsfonts/cm/cmr12.pfb></usr/local/texlive/2018/texmf-dist/fonts/type1/public/amsfonts/cm/cmr17.pfb></usr/local/texlive/2018/texmf-dist/fonts/type1/public/amsfonts/cm/cmti12.pfb>
Output written on cv.pdf (1 page, 66007 bytes).
PDF statistics:
 68 PDF objects out of 1000 (max. 8388607)
 31 compressed objects within 1 object stream
 2 named destinations out of 1000 (max. 500000)
 1 words of extra memory for PDF output out of 10000 (max. 10000000)

